#0-add_integer.py

>>> add_integer = __import__('0-add_integer').add_integer

>>> add_integer(1)
99

>>> add_integer(2, 3)
5

>>> add_integer(2.5, 4)
6

>>> add_integer(2, 3.5)
5

>>> add_integer('6', 4)
Traceback (most recent call last):
TypeError: a must be an integer

>>> add_integer(float('nan'))
Traceback (most recent call last):
ValueError: cannot convert float NaN to integer

>>> add_integer(2 ** 10000* .1)
Traceback (most recent call last):
OverflowError: int too large to convert to float

>>> add_integer(float('inf'))
Traceback (most recent call last):
OverflowError: cannot convert float infinity to integer
