#0-add_integer.py

>>> add_integer = __import__('0-add_integer').add_integer

>>> add_integer(1)
99

>>> add_integer(2, 3)
5

>>> add_integer(2.5, 4)
6

>>> add_integer(2, 3.5)
5

>>> add_integer('6', 4)
File "<doctest 0-add_integer.txt[5]>", line 1, in <module>
File "/alu-higher_level_programming/python-test_driven_development/0-add_integer.py", line 17, in add_integer
TypeError: a must be an integer


