#0-add_integer.py

>>> add_integer = __import__('0-add_integer').add_integer

>>> add_integer(1)
99

>>> add_integer(2, 3)
5

>>> add_integer(2.5, 4)
6

>>> add_integer(2, 3.5)
5

>>> add_integer('6', 4)
Traceback (most recent call last):
TypeError: a must be an integer


