#2-matrix_divided.py

>>> matrix_divided = __import__('2-matrix_divided').matrix_divided

>>> matrix_divided([[6, 3, 27], [36, 6, 21]], 3)
[[2.0, 1.0, 9.0],[12.0, 2.0, 7.0 ]]

>>> matrix_divided([[3, 30, 6], [9, 36]], 3)
Traceback (most recent call last):
TypeError: Each row of the matrix must have the same size

>>> matrix_divided([["5", 9, 2], ["8", 27, 9]], 3)
Traceback (most recent call last):
TypeError: matrix must be a matrix (list of lists) of integers/floats

>>> matrix_divided({4, 5})
Traceback (most recent call last):
TypeError: matrix must be a matrix (list of lists) of integers/floats
