#3-say_my_name.py
say_my_name = __import__('3-say_my_name').say_my_name

>>> say_my_name("Leslie", "Isaro")
My name is Leslie Isaro

>>> say_my_name("Leslie")
My name is Leslie

>>> say_my_name(2, "Isaro")
Traceback (most recent call last):
TypeError: first_name must be a string

>>> say_my_name("Leslie", 3)
Traceback (most recent call last):
TypeError: last_name must be a string

>>> say_my_name()
Traceback (most recent call last):
TypeError: say_my_name missing 1 required positional argument: 'first_name'
