# 7-base_geometry.py

>>> BaseGeometry = __import__('7-base_geometry').BaseGeometry
>>> test = BaseGeometry()
>>> test.area()
Traceback (most recent call)
Exception: area() is not implemented
>>> test.integer_validator("distance", -5)
Traceback (most recent call last):
ValueError: distance must be greater than 0
>>> test.integer_validator("width", "nope")
Traceback (most recent call last):
TypeError: width must be an integer
>>> test.integer_validator("length", 0)
Traceback (most recent call last):
ValueError: length must be greater than 0
