# 7-base_geometry.py

>>> BaseGeometry = __import__('7-base_geometry').BaseGeometry
>>> test = BaseGeometry()
>>> test.area()
Traceback (most recent call last):
Exception: area() is not implemented

>>> test.integer_validator("distance", -5)
Traceback (most recent call last):
ValueError: distance must be greater than 0

>>> test.integer_validator("width", "nope")
Traceback (most recent call last):
TypeError: width must be an integer

>>> test.integer_validator("length", 0)
Traceback (most recent call last):
ValueError: length must be greater than 0

>>> test.integer_validator()
Traceback (most recent call last):
TypeError: integer_validator() missing 2 required positional arguments: 'name' and 'value'

>>> test.integer_validator("age")
Traceback (most recent call last):
TypeError: integer_validator() missing 1 required positional argument: 'value'

>>> test.integer_validator("my_int",1)

>>> test.integer_validator("age", [3])
Traceback (most recent call last):
TypeError: age must be an integer

>>> test.integer_validator("age", True)
Traceback (most recent call last):
TypeError: age must be an integer

>>> test.integer_validator("age", {3, 4})
Traceback (most recent call last):
TypeError: age must be an integer

>>> test.integer_validator("age", None)
Traceback (most recent call last):
TypeError: age must be an integer
